Time resolution is 1 ps
Valid Voter ID =  1021
--------------------------------
Vote Casted -> BJP
Valid Voter ID =  2045
--------------------------------
Vote Casted -> BJP
Valid Voter ID =  3098
--------------------------------
Vote Casted -> BJP
Valid Voter ID =  4112
--------------------------------
Vote Casted -> BJP
Valid Voter ID =  5234
--------------------------------
Vote Casted -> INC
Valid Voter ID =  6345
--------------------------------
Vote Casted -> INC
Valid Voter ID =  7456
--------------------------------
Vote Casted -> AAP
Valid Voter ID =  8567
--------------------------------
Vote Casted -> AAP
