#! /c/Source/iverilog-install/bin/vvp
:ivl_version "12.0 (devel)" "(s20150603-1539-g2693dd32b)";
:ivl_delay_selection "TYPICAL";
:vpi_time_precision + 0;
:vpi_module "C:\iverilog\lib\ivl\system.vpi";
:vpi_module "C:\iverilog\lib\ivl\vhdl_sys.vpi";
:vpi_module "C:\iverilog\lib\ivl\vhdl_textio.vpi";
:vpi_module "C:\iverilog\lib\ivl\v2005_math.vpi";
:vpi_module "C:\iverilog\lib\ivl\va_math.vpi";
S_0000014ddbee2940 .scope module, "top_module" "top_module" 2 1;
 .timescale 0 0;
    .port_info 0 /INPUT 1 "clk1";
    .port_info 1 /INPUT 1 "clk2";
P_0000014ddbf4eff0 .param/l "ADD" 0 2 13, C4<000000>;
P_0000014ddbf4f028 .param/l "ADDI" 0 2 13, C4<001010>;
P_0000014ddbf4f060 .param/l "AND" 0 2 13, C4<000010>;
P_0000014ddbf4f098 .param/l "BEQZ" 0 2 13, C4<001110>;
P_0000014ddbf4f0d0 .param/l "BNEQZ" 0 2 13, C4<001101>;
P_0000014ddbf4f108 .param/l "BRANCH" 0 2 15, C4<100>;
P_0000014ddbf4f140 .param/l "HALT" 0 2 15, C4<101>;
P_0000014ddbf4f178 .param/l "HLT" 0 2 13, C4<111111>;
P_0000014ddbf4f1b0 .param/l "LOAD" 0 2 15, C4<010>;
P_0000014ddbf4f1e8 .param/l "LW" 0 2 13, C4<001000>;
P_0000014ddbf4f220 .param/l "MUL" 0 2 13, C4<000101>;
P_0000014ddbf4f258 .param/l "NOP" 0 2 13, C4<011110>;
P_0000014ddbf4f290 .param/l "NTYPE" 0 2 15, C4<110>;
P_0000014ddbf4f2c8 .param/l "OR" 0 2 13, C4<000011>;
P_0000014ddbf4f300 .param/l "RM_ALU" 0 2 15, C4<001>;
P_0000014ddbf4f338 .param/l "RR_ALU" 0 2 15, C4<000>;
P_0000014ddbf4f370 .param/l "SLT" 0 2 13, C4<000100>;
P_0000014ddbf4f3a8 .param/l "SLTI" 0 2 13, C4<001100>;
P_0000014ddbf4f3e0 .param/l "STORE" 0 2 15, C4<011>;
P_0000014ddbf4f418 .param/l "SUB" 0 2 13, C4<000001>;
P_0000014ddbf4f450 .param/l "SUBI" 0 2 13, C4<001011>;
P_0000014ddbf4f488 .param/l "SW" 0 2 13, C4<001001>;
v0000014ddbecba80_0 .var "ALU_A", 31 0;
v0000014ddbecbcd0_0 .var "ALU_B", 31 0;
v0000014ddbf14200 .array "BHT", 15 0, 0 0;
v0000014ddbee2ad0 .array "BTB", 15 0, 31 0;
v0000014ddbee2b70 .array "BTB_valid", 15 0, 0 0;
v0000014ddbee2c10_0 .var "EX_MEM_ALUout", 31 0;
v0000014ddbfa65b0_0 .var "EX_MEM_B", 31 0;
v0000014ddbfa6650_0 .var "EX_MEM_IR", 31 0;
v0000014ddbfa66f0_0 .var "EX_MEM_cond", 0 0;
v0000014ddbfa6790_0 .var "EX_MEM_dest", 4 0;
v0000014ddbfa6830_0 .var "EX_MEM_type", 2 0;
v0000014ddbfa68d0_0 .var "FLUSH", 0 0;
v0000014ddbfa7140_0 .var "HALTED", 0 0;
v0000014ddbfa71e0_0 .var "ID_EX_A", 31 0;
v0000014ddbfa7780_0 .var "ID_EX_B", 31 0;
v0000014ddbfa7280_0 .var "ID_EX_IR", 31 0;
v0000014ddbfa7640_0 .var "ID_EX_Imm", 31 0;
v0000014ddbfa7320_0 .var "ID_EX_NPC", 31 0;
v0000014ddbfa6b00_0 .var "ID_EX_PC", 31 0;
v0000014ddbfa73c0_0 .var "ID_EX_pred", 0 0;
v0000014ddbfa76e0_0 .var "ID_EX_type", 2 0;
v0000014ddbfa7820_0 .var "IF_ID_IR", 31 0;
v0000014ddbfa75a0_0 .var "IF_ID_NPC", 31 0;
v0000014ddbfa69c0_0 .var "IF_ID_pred", 0 0;
v0000014ddbfa78c0_0 .var "MEM_WB_ALUout", 31 0;
v0000014ddbfa6a60_0 .var "MEM_WB_IR", 31 0;
v0000014ddbfa6ce0_0 .var "MEM_WB_LMD", 31 0;
v0000014ddbfa6f60_0 .var "MEM_WB_dest", 4 0;
v0000014ddbfa7460_0 .var "MEM_WB_type", 2 0;
v0000014ddbfa6d80 .array "Mem", 1023 0, 31 0;
v0000014ddbfa6c40_0 .var "PC", 31 0;
v0000014ddbfa7500_0 .var "PC_write", 0 0;
v0000014ddbfa7000 .array "Reg", 31 0, 31 0;
v0000014ddbfa6e20_0 .var "actual_taken", 0 0;
o0000014ddbf4fa48 .functor BUFZ 1, C4<z>; HiZ drive
v0000014ddbfa6ec0_0 .net "clk1", 0 0, o0000014ddbf4fa48;  0 drivers
o0000014ddbf4fa78 .functor BUFZ 1, C4<z>; HiZ drive
v0000014ddbfa6ba0_0 .net "clk2", 0 0, o0000014ddbf4fa78;  0 drivers
v0000014ddbfa70a0_0 .var "forwardA", 1 0;
v0000014ddbfa8b50_0 .var "forwardB", 1 0;
v0000014ddbfa8010_0 .var "next_PC", 31 0;
v0000014ddbfa95f0_0 .var "stall", 0 0;
E_0000014ddbf48cd0 .event posedge, v0000014ddbfa6ec0_0;
E_0000014ddbf48a90 .event posedge, v0000014ddbfa6ba0_0;
E_0000014ddbf487d0/0 .event anyedge, v0000014ddbfa70a0_0, v0000014ddbfa71e0_0, v0000014ddbfa7460_0, v0000014ddbfa6ce0_0;
E_0000014ddbf487d0/1 .event anyedge, v0000014ddbfa78c0_0, v0000014ddbee2c10_0, v0000014ddbfa8b50_0, v0000014ddbfa7780_0;
E_0000014ddbf487d0 .event/or E_0000014ddbf487d0/0, E_0000014ddbf487d0/1;
E_0000014ddbf48d10/0 .event anyedge, v0000014ddbfa6830_0, v0000014ddbfa6790_0, v0000014ddbfa7280_0, v0000014ddbfa7460_0;
E_0000014ddbf48d10/1 .event anyedge, v0000014ddbfa6f60_0;
E_0000014ddbf48d10 .event/or E_0000014ddbf48d10/0, E_0000014ddbf48d10/1;
E_0000014ddbf480d0 .event anyedge, v0000014ddbfa76e0_0, v0000014ddbfa7280_0, v0000014ddbfa7820_0;
    .scope S_0000014ddbee2940;
T_0 ;
    %wait E_0000014ddbf48cd0;
    %load/vec4 v0000014ddbfa7140_0;
    %flag_set/vec4 8;
    %jmp/0xz  T_0.0, 8;
    %pushi/vec4 30, 0, 32;
    %assign/vec4 v0000014ddbfa7820_0, 0;
    %pushi/vec4 0, 0, 32;
    %assign/vec4 v0000014ddbfa75a0_0, 0;
    %jmp T_0.1;
T_0.0 ;
    %load/vec4 v0000014ddbfa7500_0;
    %flag_set/vec4 8;
    %jmp/0xz  T_0.2, 8;
    %load/vec4 v0000014ddbfa8010_0;
    %assign/vec4 v0000014ddbfa6c40_0, 0;
    %pushi/vec4 0, 0, 1;
    %assign/vec4 v0000014ddbfa7500_0, 0;
T_0.2 ;
    %load/vec4 v0000014ddbfa68d0_0;
    %flag_set/vec4 8;
    %jmp/0xz  T_0.4, 8;
    %pushi/vec4 30, 0, 32;
    %assign/vec4 v0000014ddbfa7820_0, 0;
    %pushi/vec4 0, 0, 32;
    %assign/vec4 v0000014ddbfa75a0_0, 0;
    %jmp T_0.5;
T_0.4 ;
    %load/vec4 v0000014ddbfa95f0_0;
    %flag_set/vec4 8;
    %jmp/0xz  T_0.6, 8;
    %load/vec4 v0000014ddbfa7820_0;
    %assign/vec4 v0000014ddbfa7820_0, 0;
    %load/vec4 v0000014ddbfa75a0_0;
    %assign/vec4 v0000014ddbfa75a0_0, 0;
    %jmp T_0.7;
T_0.6 ;
    %load/vec4 v0000014ddbfa6c40_0;
    %parti/s 4, 0, 2;
    %pad/u 6;
    %ix/vec4 4;
    %load/vec4a v0000014ddbf14200, 4;
    %assign/vec4 v0000014ddbfa69c0_0, 0;
    %ix/getv 4, v0000014ddbfa6c40_0;
    %load/vec4a v0000014ddbfa6d80, 4;
    %assign/vec4 v0000014ddbfa7820_0, 0;
    %load/vec4 v0000014ddbfa6c40_0;
    %addi 1, 0, 32;
    %assign/vec4 v0000014ddbfa75a0_0, 0;
    %load/vec4 v0000014ddbfa6c40_0;
    %parti/s 4, 0, 2;
    %pad/u 6;
    %ix/vec4 4;
    %load/vec4a v0000014ddbf14200, 4;
    %cmpi/e 1, 0, 1;
    %flag_get/vec4 4;
    %jmp/0 T_0.10, 4;
    %load/vec4 v0000014ddbfa6c40_0;
    %parti/s 4, 0, 2;
    %pad/u 6;
    %ix/vec4 4;
    %load/vec4a v0000014ddbee2b70, 4;
    %pushi/vec4 1, 0, 1;
    %cmp/e;
    %flag_get/vec4 4;
    %and;
T_0.10;
    %flag_set/vec4 8;
    %jmp/0xz  T_0.8, 8;
    %load/vec4 v0000014ddbfa6c40_0;
    %parti/s 4, 0, 2;
    %pad/u 6;
    %ix/vec4 4;
    %load/vec4a v0000014ddbee2ad0, 4;
    %assign/vec4 v0000014ddbfa6c40_0, 0;
    %jmp T_0.9;
T_0.8 ;
    %load/vec4 v0000014ddbfa6c40_0;
    %addi 1, 0, 32;
    %assign/vec4 v0000014ddbfa6c40_0, 0;
T_0.9 ;
T_0.7 ;
T_0.5 ;
T_0.1 ;
    %jmp T_0;
    .thread T_0;
    .scope S_0000014ddbee2940;
T_1 ;
    %wait E_0000014ddbf480d0;
    %pushi/vec4 0, 0, 1;
    %store/vec4 v0000014ddbfa95f0_0, 0, 1;
    %load/vec4 v0000014ddbfa76e0_0;
    %cmpi/e 2, 0, 3;
    %flag_get/vec4 4;
    %jmp/0 T_1.3, 4;
    %load/vec4 v0000014ddbfa7280_0;
    %parti/s 5, 16, 6;
    %pad/u 32;
    %pushi/vec4 0, 0, 32;
    %cmp/ne;
    %flag_get/vec4 4;
    %and;
T_1.3;
    %flag_set/vec4 9;
    %flag_get/vec4 9;
    %jmp/0 T_1.2, 9;
    %load/vec4 v0000014ddbfa7280_0;
    %parti/s 5, 16, 6;
    %load/vec4 v0000014ddbfa7820_0;
    %parti/s 5, 21, 6;
    %cmp/e;
    %flag_get/vec4 4;
    %jmp/1 T_1.4, 4;
    %load/vec4 v0000014ddbfa7280_0;
    %parti/s 5, 16, 6;
    %load/vec4 v0000014ddbfa7820_0;
    %parti/s 5, 16, 6;
    %cmp/e;
    %flag_get/vec4 4;
    %or;
T_1.4;
    %and;
T_1.2;
    %flag_set/vec4 8;
    %jmp/0xz  T_1.0, 8;
    %pushi/vec4 1, 0, 1;
    %store/vec4 v0000014ddbfa95f0_0, 0, 1;
T_1.0 ;
    %jmp T_1;
    .thread T_1, $push;
    .scope S_0000014ddbee2940;
T_2 ;
    %wait E_0000014ddbf48a90;
    %load/vec4 v0000014ddbfa68d0_0;
    %flag_set/vec4 8;
    %jmp/1 T_2.2, 8;
    %load/vec4 v0000014ddbfa7140_0;
    %flag_set/vec4 9;
    %flag_or 8, 9;
T_2.2;
    %jmp/0xz  T_2.0, 8;
    %pushi/vec4 30, 0, 32;
    %assign/vec4 v0000014ddbfa7280_0, 0;
    %pushi/vec4 6, 0, 3;
    %assign/vec4 v0000014ddbfa76e0_0, 0;
    %pushi/vec4 0, 0, 32;
    %assign/vec4 v0000014ddbfa71e0_0, 0;
    %pushi/vec4 0, 0, 32;
    %assign/vec4 v0000014ddbfa7780_0, 0;
    %pushi/vec4 0, 0, 32;
    %assign/vec4 v0000014ddbfa7640_0, 0;
    %pushi/vec4 0, 0, 32;
    %assign/vec4 v0000014ddbfa7320_0, 0;
    %jmp T_2.1;
T_2.0 ;
    %load/vec4 v0000014ddbfa95f0_0;
    %flag_set/vec4 8;
    %jmp/0xz  T_2.3, 8;
    %pushi/vec4 30, 0, 32;
    %assign/vec4 v0000014ddbfa7280_0, 0;
    %pushi/vec4 6, 0, 3;
    %assign/vec4 v0000014ddbfa76e0_0, 0;
    %pushi/vec4 0, 0, 32;
    %assign/vec4 v0000014ddbfa71e0_0, 0;
    %pushi/vec4 0, 0, 32;
    %assign/vec4 v0000014ddbfa7780_0, 0;
    %pushi/vec4 0, 0, 32;
    %assign/vec4 v0000014ddbfa7640_0, 0;
    %pushi/vec4 0, 0, 32;
    %assign/vec4 v0000014ddbfa7320_0, 0;
    %jmp T_2.4;
T_2.3 ;
    %load/vec4 v0000014ddbfa7820_0;
    %parti/s 5, 21, 6;
    %cmpi/e 0, 0, 5;
    %jmp/0xz  T_2.5, 4;
    %pushi/vec4 0, 0, 32;
    %assign/vec4 v0000014ddbfa71e0_0, 0;
    %jmp T_2.6;
T_2.5 ;
    %load/vec4 v0000014ddbfa7820_0;
    %parti/s 5, 21, 6;
    %pad/u 7;
    %ix/vec4 4;
    %load/vec4a v0000014ddbfa7000, 4;
    %assign/vec4 v0000014ddbfa71e0_0, 0;
T_2.6 ;
    %load/vec4 v0000014ddbfa7820_0;
    %parti/s 5, 16, 6;
    %cmpi/e 0, 0, 5;
    %jmp/0xz  T_2.7, 4;
    %pushi/vec4 0, 0, 32;
    %assign/vec4 v0000014ddbfa7780_0, 0;
    %jmp T_2.8;
T_2.7 ;
    %load/vec4 v0000014ddbfa7820_0;
    %parti/s 5, 16, 6;
    %pad/u 7;
    %ix/vec4 4;
    %load/vec4a v0000014ddbfa7000, 4;
    %assign/vec4 v0000014ddbfa7780_0, 0;
T_2.8 ;
    %load/vec4 v0000014ddbfa75a0_0;
    %assign/vec4 v0000014ddbfa7320_0, 0;
    %load/vec4 v0000014ddbfa75a0_0;
    %subi 1, 0, 32;
    %assign/vec4 v0000014ddbfa6b00_0, 0;
    %load/vec4 v0000014ddbfa7820_0;
    %assign/vec4 v0000014ddbfa7280_0, 0;
    %load/vec4 v0000014ddbfa7820_0;
    %parti/s 1, 15, 5;
    %replicate 16;
    %load/vec4 v0000014ddbfa7820_0;
    %parti/s 16, 0, 2;
    %concat/vec4; draw_concat_vec4
    %assign/vec4 v0000014ddbfa7640_0, 0;
    %load/vec4 v0000014ddbfa69c0_0;
    %assign/vec4 v0000014ddbfa73c0_0, 0;
    %load/vec4 v0000014ddbfa7820_0;
    %parti/s 6, 26, 6;
    %dup/vec4;
    %pushi/vec4 0, 0, 6;
    %cmp/u;
    %jmp/1 T_2.9, 6;
    %dup/vec4;
    %pushi/vec4 1, 0, 6;
    %cmp/u;
    %jmp/1 T_2.10, 6;
    %dup/vec4;
    %pushi/vec4 2, 0, 6;
    %cmp/u;
    %jmp/1 T_2.11, 6;
    %dup/vec4;
    %pushi/vec4 3, 0, 6;
    %cmp/u;
    %jmp/1 T_2.12, 6;
    %dup/vec4;
    %pushi/vec4 4, 0, 6;
    %cmp/u;
    %jmp/1 T_2.13, 6;
    %dup/vec4;
    %pushi/vec4 5, 0, 6;
    %cmp/u;
    %jmp/1 T_2.14, 6;
    %dup/vec4;
    %pushi/vec4 10, 0, 6;
    %cmp/u;
    %jmp/1 T_2.15, 6;
    %dup/vec4;
    %pushi/vec4 11, 0, 6;
    %cmp/u;
    %jmp/1 T_2.16, 6;
    %dup/vec4;
    %pushi/vec4 12, 0, 6;
    %cmp/u;
    %jmp/1 T_2.17, 6;
    %dup/vec4;
    %pushi/vec4 8, 0, 6;
    %cmp/u;
    %jmp/1 T_2.18, 6;
    %dup/vec4;
    %pushi/vec4 9, 0, 6;
    %cmp/u;
    %jmp/1 T_2.19, 6;
    %dup/vec4;
    %pushi/vec4 14, 0, 6;
    %cmp/u;
    %jmp/1 T_2.20, 6;
    %dup/vec4;
    %pushi/vec4 13, 0, 6;
    %cmp/u;
    %jmp/1 T_2.21, 6;
    %dup/vec4;
    %pushi/vec4 63, 0, 6;
    %cmp/u;
    %jmp/1 T_2.22, 6;
    %dup/vec4;
    %pushi/vec4 30, 0, 6;
    %cmp/u;
    %jmp/1 T_2.23, 6;
    %pushi/vec4 5, 0, 3;
    %assign/vec4 v0000014ddbfa76e0_0, 0;
    %jmp T_2.25;
T_2.9 ;
    %pushi/vec4 0, 0, 3;
    %assign/vec4 v0000014ddbfa76e0_0, 0;
    %jmp T_2.25;
T_2.10 ;
    %pushi/vec4 0, 0, 3;
    %assign/vec4 v0000014ddbfa76e0_0, 0;
    %jmp T_2.25;
T_2.11 ;
    %pushi/vec4 0, 0, 3;
    %assign/vec4 v0000014ddbfa76e0_0, 0;
    %jmp T_2.25;
T_2.12 ;
    %pushi/vec4 0, 0, 3;
    %assign/vec4 v0000014ddbfa76e0_0, 0;
    %jmp T_2.25;
T_2.13 ;
    %pushi/vec4 0, 0, 3;
    %assign/vec4 v0000014ddbfa76e0_0, 0;
    %jmp T_2.25;
T_2.14 ;
    %pushi/vec4 0, 0, 3;
    %assign/vec4 v0000014ddbfa76e0_0, 0;
    %jmp T_2.25;
T_2.15 ;
    %pushi/vec4 1, 0, 3;
    %assign/vec4 v0000014ddbfa76e0_0, 0;
    %jmp T_2.25;
T_2.16 ;
    %pushi/vec4 1, 0, 3;
    %assign/vec4 v0000014ddbfa76e0_0, 0;
    %jmp T_2.25;
T_2.17 ;
    %pushi/vec4 1, 0, 3;
    %assign/vec4 v0000014ddbfa76e0_0, 0;
    %jmp T_2.25;
T_2.18 ;
    %pushi/vec4 2, 0, 3;
    %assign/vec4 v0000014ddbfa76e0_0, 0;
    %jmp T_2.25;
T_2.19 ;
    %pushi/vec4 3, 0, 3;
    %assign/vec4 v0000014ddbfa76e0_0, 0;
    %jmp T_2.25;
T_2.20 ;
    %pushi/vec4 4, 0, 3;
    %assign/vec4 v0000014ddbfa76e0_0, 0;
    %jmp T_2.25;
T_2.21 ;
    %pushi/vec4 4, 0, 3;
    %assign/vec4 v0000014ddbfa76e0_0, 0;
    %jmp T_2.25;
T_2.22 ;
    %pushi/vec4 5, 0, 3;
    %assign/vec4 v0000014ddbfa76e0_0, 0;
    %jmp T_2.25;
T_2.23 ;
    %pushi/vec4 6, 0, 3;
    %assign/vec4 v0000014ddbfa76e0_0, 0;
    %jmp T_2.25;
T_2.25 ;
    %pop/vec4 1;
T_2.4 ;
T_2.1 ;
    %jmp T_2;
    .thread T_2;
    .scope S_0000014ddbee2940;
T_3 ;
    %wait E_0000014ddbf48d10;
    %pushi/vec4 0, 0, 2;
    %store/vec4 v0000014ddbfa70a0_0, 0, 2;
    %pushi/vec4 0, 0, 2;
    %store/vec4 v0000014ddbfa8b50_0, 0, 2;
    %load/vec4 v0000014ddbfa6830_0;
    %cmpi/e 0, 0, 3;
    %jmp/1 T_3.3, 4;
    %flag_mov 9, 4;
    %load/vec4 v0000014ddbfa6830_0;
    %cmpi/e 1, 0, 3;
    %flag_or 4, 9;
T_3.3;
    %flag_get/vec4 4;
    %jmp/0 T_3.2, 4;
    %load/vec4 v0000014ddbfa6790_0;
    %pad/u 32;
    %pushi/vec4 0, 0, 32;
    %cmp/ne;
    %flag_get/vec4 4;
    %and;
T_3.2;
    %flag_set/vec4 8;
    %jmp/0xz  T_3.0, 8;
    %load/vec4 v0000014ddbfa6790_0;
    %load/vec4 v0000014ddbfa7280_0;
    %parti/s 5, 21, 6;
    %cmp/e;
    %jmp/0xz  T_3.4, 4;
    %pushi/vec4 2, 0, 2;
    %store/vec4 v0000014ddbfa70a0_0, 0, 2;
T_3.4 ;
    %load/vec4 v0000014ddbfa6790_0;
    %load/vec4 v0000014ddbfa7280_0;
    %parti/s 5, 16, 6;
    %cmp/e;
    %jmp/0xz  T_3.6, 4;
    %pushi/vec4 2, 0, 2;
    %store/vec4 v0000014ddbfa8b50_0, 0, 2;
T_3.6 ;
T_3.0 ;
    %load/vec4 v0000014ddbfa7460_0;
    %cmpi/ne 6, 0, 3;
    %flag_get/vec4 4;
    %jmp/0 T_3.11, 4;
    %load/vec4 v0000014ddbfa7460_0;
    %pushi/vec4 3, 0, 3;
    %cmp/ne;
    %flag_get/vec4 4;
    %and;
T_3.11;
    %flag_set/vec4 9;
    %flag_get/vec4 9;
    %jmp/0 T_3.10, 9;
    %load/vec4 v0000014ddbfa6f60_0;
    %pad/u 32;
    %pushi/vec4 0, 0, 32;
    %cmp/ne;
    %flag_get/vec4 4;
    %and;
T_3.10;
    %flag_set/vec4 8;
    %jmp/0xz  T_3.8, 8;
    %load/vec4 v0000014ddbfa6830_0;
    %cmpi/e 0, 0, 3;
    %jmp/1 T_3.17, 4;
    %flag_mov 11, 4;
    %load/vec4 v0000014ddbfa6830_0;
    %cmpi/e 1, 0, 3;
    %flag_or 4, 11;
T_3.17;
    %flag_get/vec4 4;
    %jmp/0 T_3.16, 4;
    %load/vec4 v0000014ddbfa6790_0;
    %pad/u 32;
    %pushi/vec4 0, 0, 32;
    %cmp/ne;
    %flag_get/vec4 4;
    %and;
T_3.16;
    %flag_set/vec4 10;
    %flag_get/vec4 10;
    %jmp/0 T_3.15, 10;
    %load/vec4 v0000014ddbfa6790_0;
    %load/vec4 v0000014ddbfa7280_0;
    %parti/s 5, 21, 6;
    %cmp/e;
    %flag_get/vec4 4;
    %and;
T_3.15;
    %nor/r;
    %flag_set/vec4 9;
    %flag_get/vec4 9;
    %jmp/0 T_3.14, 9;
    %load/vec4 v0000014ddbfa6f60_0;
    %load/vec4 v0000014ddbfa7280_0;
    %parti/s 5, 21, 6;
    %cmp/e;
    %flag_get/vec4 4;
    %and;
T_3.14;
    %flag_set/vec4 8;
    %jmp/0xz  T_3.12, 8;
    %pushi/vec4 1, 0, 2;
    %store/vec4 v0000014ddbfa70a0_0, 0, 2;
T_3.12 ;
    %load/vec4 v0000014ddbfa6830_0;
    %cmpi/e 0, 0, 3;
    %jmp/1 T_3.23, 4;
    %flag_mov 11, 4;
    %load/vec4 v0000014ddbfa6830_0;
    %cmpi/e 1, 0, 3;
    %flag_or 4, 11;
T_3.23;
    %flag_get/vec4 4;
    %jmp/0 T_3.22, 4;
    %load/vec4 v0000014ddbfa6790_0;
    %pad/u 32;
    %pushi/vec4 0, 0, 32;
    %cmp/ne;
    %flag_get/vec4 4;
    %and;
T_3.22;
    %flag_set/vec4 10;
    %flag_get/vec4 10;
    %jmp/0 T_3.21, 10;
    %load/vec4 v0000014ddbfa6790_0;
    %load/vec4 v0000014ddbfa7280_0;
    %parti/s 5, 16, 6;
    %cmp/e;
    %flag_get/vec4 4;
    %and;
T_3.21;
    %nor/r;
    %flag_set/vec4 9;
    %flag_get/vec4 9;
    %jmp/0 T_3.20, 9;
    %load/vec4 v0000014ddbfa6f60_0;
    %load/vec4 v0000014ddbfa7280_0;
    %parti/s 5, 16, 6;
    %cmp/e;
    %flag_get/vec4 4;
    %and;
T_3.20;
    %flag_set/vec4 8;
    %jmp/0xz  T_3.18, 8;
    %pushi/vec4 1, 0, 2;
    %store/vec4 v0000014ddbfa8b50_0, 0, 2;
T_3.18 ;
T_3.8 ;
    %jmp T_3;
    .thread T_3, $push;
    .scope S_0000014ddbee2940;
T_4 ;
    %wait E_0000014ddbf487d0;
    %load/vec4 v0000014ddbfa70a0_0;
    %dup/vec4;
    %pushi/vec4 0, 0, 2;
    %cmp/u;
    %jmp/1 T_4.0, 6;
    %dup/vec4;
    %pushi/vec4 1, 0, 2;
    %cmp/u;
    %jmp/1 T_4.1, 6;
    %dup/vec4;
    %pushi/vec4 2, 0, 2;
    %cmp/u;
    %jmp/1 T_4.2, 6;
    %load/vec4 v0000014ddbfa71e0_0;
    %store/vec4 v0000014ddbecba80_0, 0, 32;
    %jmp T_4.4;
T_4.0 ;
    %load/vec4 v0000014ddbfa71e0_0;
    %store/vec4 v0000014ddbecba80_0, 0, 32;
    %jmp T_4.4;
T_4.1 ;
    %load/vec4 v0000014ddbfa7460_0;
    %cmpi/e 2, 0, 3;
    %flag_mov 8, 4;
    %jmp/0 T_4.5, 8;
    %load/vec4 v0000014ddbfa6ce0_0;
    %jmp/1 T_4.6, 8;
T_4.5 ; End of true expr.
    %load/vec4 v0000014ddbfa78c0_0;
    %jmp/0 T_4.6, 8;
 ; End of false expr.
    %blend;
T_4.6;
    %store/vec4 v0000014ddbecba80_0, 0, 32;
    %jmp T_4.4;
T_4.2 ;
    %load/vec4 v0000014ddbee2c10_0;
    %store/vec4 v0000014ddbecba80_0, 0, 32;
    %jmp T_4.4;
T_4.4 ;
    %pop/vec4 1;
    %load/vec4 v0000014ddbfa8b50_0;
    %dup/vec4;
    %pushi/vec4 0, 0, 2;
    %cmp/u;
    %jmp/1 T_4.7, 6;
    %dup/vec4;
    %pushi/vec4 1, 0, 2;
    %cmp/u;
    %jmp/1 T_4.8, 6;
    %dup/vec4;
    %pushi/vec4 2, 0, 2;
    %cmp/u;
    %jmp/1 T_4.9, 6;
    %load/vec4 v0000014ddbfa7780_0;
    %store/vec4 v0000014ddbecbcd0_0, 0, 32;
    %jmp T_4.11;
T_4.7 ;
    %load/vec4 v0000014ddbfa7780_0;
    %store/vec4 v0000014ddbecbcd0_0, 0, 32;
    %jmp T_4.11;
T_4.8 ;
    %load/vec4 v0000014ddbfa7460_0;
    %cmpi/e 2, 0, 3;
    %flag_mov 8, 4;
    %jmp/0 T_4.12, 8;
    %load/vec4 v0000014ddbfa6ce0_0;
    %jmp/1 T_4.13, 8;
T_4.12 ; End of true expr.
    %load/vec4 v0000014ddbfa78c0_0;
    %jmp/0 T_4.13, 8;
 ; End of false expr.
    %blend;
T_4.13;
    %store/vec4 v0000014ddbecbcd0_0, 0, 32;
    %jmp T_4.11;
T_4.9 ;
    %load/vec4 v0000014ddbee2c10_0;
    %store/vec4 v0000014ddbecbcd0_0, 0, 32;
    %jmp T_4.11;
T_4.11 ;
    %pop/vec4 1;
    %jmp T_4;
    .thread T_4, $push;
    .scope S_0000014ddbee2940;
T_5 ;
    %wait E_0000014ddbf48cd0;
    %pushi/vec4 0, 0, 1;
    %assign/vec4 v0000014ddbfa68d0_0, 0;
    %pushi/vec4 0, 0, 1;
    %store/vec4 v0000014ddbfa6e20_0, 0, 1;
    %load/vec4 v0000014ddbfa7280_0;
    %assign/vec4 v0000014ddbfa6650_0, 0;
    %load/vec4 v0000014ddbfa76e0_0;
    %assign/vec4 v0000014ddbfa6830_0, 0;
    %load/vec4 v0000014ddbfa76e0_0;
    %cmpi/e 0, 0, 3;
    %jmp/0xz  T_5.0, 4;
    %load/vec4 v0000014ddbfa7280_0;
    %parti/s 5, 11, 5;
    %assign/vec4 v0000014ddbfa6790_0, 0;
    %jmp T_5.1;
T_5.0 ;
    %load/vec4 v0000014ddbfa7280_0;
    %parti/s 5, 16, 6;
    %assign/vec4 v0000014ddbfa6790_0, 0;
T_5.1 ;
    %load/vec4 v0000014ddbfa76e0_0;
    %dup/vec4;
    %pushi/vec4 0, 0, 3;
    %cmp/u;
    %jmp/1 T_5.2, 6;
    %dup/vec4;
    %pushi/vec4 1, 0, 3;
    %cmp/u;
    %jmp/1 T_5.3, 6;
    %dup/vec4;
    %pushi/vec4 2, 0, 3;
    %cmp/u;
    %jmp/1 T_5.4, 6;
    %dup/vec4;
    %pushi/vec4 3, 0, 3;
    %cmp/u;
    %jmp/1 T_5.5, 6;
    %dup/vec4;
    %pushi/vec4 4, 0, 3;
    %cmp/u;
    %jmp/1 T_5.6, 6;
    %dup/vec4;
    %pushi/vec4 5, 0, 3;
    %cmp/u;
    %jmp/1 T_5.7, 6;
    %dup/vec4;
    %pushi/vec4 6, 0, 3;
    %cmp/u;
    %jmp/1 T_5.8, 6;
    %pushi/vec4 4294967295, 4294967295, 32;
    %assign/vec4 v0000014ddbee2c10_0, 0;
    %jmp T_5.10;
T_5.2 ;
    %load/vec4 v0000014ddbfa7280_0;
    %parti/s 6, 26, 6;
    %dup/vec4;
    %pushi/vec4 0, 0, 6;
    %cmp/u;
    %jmp/1 T_5.11, 6;
    %dup/vec4;
    %pushi/vec4 1, 0, 6;
    %cmp/u;
    %jmp/1 T_5.12, 6;
    %dup/vec4;
    %pushi/vec4 2, 0, 6;
    %cmp/u;
    %jmp/1 T_5.13, 6;
    %dup/vec4;
    %pushi/vec4 3, 0, 6;
    %cmp/u;
    %jmp/1 T_5.14, 6;
    %dup/vec4;
    %pushi/vec4 4, 0, 6;
    %cmp/u;
    %jmp/1 T_5.15, 6;
    %dup/vec4;
    %pushi/vec4 5, 0, 6;
    %cmp/u;
    %jmp/1 T_5.16, 6;
    %pushi/vec4 4294967295, 4294967295, 32;
    %assign/vec4 v0000014ddbee2c10_0, 0;
    %jmp T_5.18;
T_5.11 ;
    %load/vec4 v0000014ddbecba80_0;
    %load/vec4 v0000014ddbecbcd0_0;
    %add;
    %assign/vec4 v0000014ddbee2c10_0, 0;
    %jmp T_5.18;
T_5.12 ;
    %load/vec4 v0000014ddbecba80_0;
    %load/vec4 v0000014ddbecbcd0_0;
    %sub;
    %assign/vec4 v0000014ddbee2c10_0, 0;
    %jmp T_5.18;
T_5.13 ;
    %load/vec4 v0000014ddbecba80_0;
    %load/vec4 v0000014ddbecbcd0_0;
    %and;
    %assign/vec4 v0000014ddbee2c10_0, 0;
    %jmp T_5.18;
T_5.14 ;
    %load/vec4 v0000014ddbecba80_0;
    %load/vec4 v0000014ddbecbcd0_0;
    %or;
    %assign/vec4 v0000014ddbee2c10_0, 0;
    %jmp T_5.18;
T_5.15 ;
    %load/vec4 v0000014ddbecba80_0;
    %load/vec4 v0000014ddbecbcd0_0;
    %cmp/u;
    %flag_mov 8, 5;
    %jmp/0 T_5.19, 8;
    %pushi/vec4 1, 0, 32;
    %jmp/1 T_5.20, 8;
T_5.19 ; End of true expr.
    %pushi/vec4 0, 0, 32;
    %jmp/0 T_5.20, 8;
 ; End of false expr.
    %blend;
T_5.20;
    %assign/vec4 v0000014ddbee2c10_0, 0;
    %jmp T_5.18;
T_5.16 ;
    %load/vec4 v0000014ddbecba80_0;
    %load/vec4 v0000014ddbecbcd0_0;
    %mul;
    %assign/vec4 v0000014ddbee2c10_0, 0;
    %jmp T_5.18;
T_5.18 ;
    %pop/vec4 1;
    %jmp T_5.10;
T_5.3 ;
    %load/vec4 v0000014ddbfa7280_0;
    %parti/s 6, 26, 6;
    %dup/vec4;
    %pushi/vec4 10, 0, 6;
    %cmp/u;
    %jmp/1 T_5.21, 6;
    %dup/vec4;
    %pushi/vec4 11, 0, 6;
    %cmp/u;
    %jmp/1 T_5.22, 6;
    %dup/vec4;
    %pushi/vec4 12, 0, 6;
    %cmp/u;
    %jmp/1 T_5.23, 6;
    %pushi/vec4 4294967295, 4294967295, 32;
    %assign/vec4 v0000014ddbee2c10_0, 0;
    %jmp T_5.25;
T_5.21 ;
    %load/vec4 v0000014ddbecba80_0;
    %load/vec4 v0000014ddbfa7640_0;
    %add;
    %assign/vec4 v0000014ddbee2c10_0, 0;
    %jmp T_5.25;
T_5.22 ;
    %load/vec4 v0000014ddbecba80_0;
    %load/vec4 v0000014ddbfa7640_0;
    %sub;
    %assign/vec4 v0000014ddbee2c10_0, 0;
    %jmp T_5.25;
T_5.23 ;
    %load/vec4 v0000014ddbecba80_0;
    %load/vec4 v0000014ddbfa7640_0;
    %cmp/u;
    %flag_mov 8, 5;
    %jmp/0 T_5.26, 8;
    %pushi/vec4 1, 0, 32;
    %jmp/1 T_5.27, 8;
T_5.26 ; End of true expr.
    %pushi/vec4 0, 0, 32;
    %jmp/0 T_5.27, 8;
 ; End of false expr.
    %blend;
T_5.27;
    %assign/vec4 v0000014ddbee2c10_0, 0;
    %jmp T_5.25;
T_5.25 ;
    %pop/vec4 1;
    %jmp T_5.10;
T_5.4 ;
    %load/vec4 v0000014ddbecba80_0;
    %load/vec4 v0000014ddbfa7640_0;
    %add;
    %assign/vec4 v0000014ddbee2c10_0, 0;
    %load/vec4 v0000014ddbecbcd0_0;
    %assign/vec4 v0000014ddbfa65b0_0, 0;
    %jmp T_5.10;
T_5.5 ;
    %load/vec4 v0000014ddbecba80_0;
    %load/vec4 v0000014ddbfa7640_0;
    %add;
    %assign/vec4 v0000014ddbee2c10_0, 0;
    %load/vec4 v0000014ddbecbcd0_0;
    %assign/vec4 v0000014ddbfa65b0_0, 0;
    %jmp T_5.10;
T_5.6 ;
    %load/vec4 v0000014ddbfa6b00_0;
    %load/vec4 v0000014ddbfa7640_0;
    %add;
    %assign/vec4 v0000014ddbee2c10_0, 0;
    %load/vec4 v0000014ddbecba80_0;
    %cmpi/e 0, 0, 32;
    %flag_mov 8, 4;
    %jmp/0 T_5.28, 8;
    %pushi/vec4 1, 0, 1;
    %jmp/1 T_5.29, 8;
T_5.28 ; End of true expr.
    %pushi/vec4 0, 0, 1;
    %jmp/0 T_5.29, 8;
 ; End of false expr.
    %blend;
T_5.29;
    %assign/vec4 v0000014ddbfa66f0_0, 0;
    %load/vec4 v0000014ddbfa7280_0;
    %parti/s 6, 26, 6;
    %cmpi/e 14, 0, 6;
    %flag_get/vec4 4;
    %jmp/0 T_5.31, 4;
    %load/vec4 v0000014ddbecba80_0;
    %pushi/vec4 0, 0, 32;
    %cmp/e;
    %flag_get/vec4 4;
    %and;
T_5.31;
    %flag_set/vec4 8;
    %flag_get/vec4 8;
    %jmp/1 T_5.30, 8;
    %load/vec4 v0000014ddbfa7280_0;
    %parti/s 6, 26, 6;
    %cmpi/e 13, 0, 6;
    %flag_get/vec4 4;
    %jmp/0 T_5.32, 4;
    %load/vec4 v0000014ddbecba80_0;
    %pushi/vec4 0, 0, 32;
    %cmp/ne;
    %flag_get/vec4 4;
    %and;
T_5.32;
    %or;
T_5.30;
    %store/vec4 v0000014ddbfa6e20_0, 0, 1;
    %load/vec4 v0000014ddbfa6e20_0;
    %load/vec4 v0000014ddbfa6b00_0;
    %parti/s 4, 0, 2;
    %pad/u 6;
    %ix/vec4 3;
    %ix/load 4, 0, 0; Constant delay
    %assign/vec4/a/d v0000014ddbf14200, 0, 4;
    %load/vec4 v0000014ddbfa6e20_0;
    %flag_set/vec4 8;
    %jmp/0xz  T_5.33, 8;
    %load/vec4 v0000014ddbfa6b00_0;
    %load/vec4 v0000014ddbfa7640_0;
    %add;
    %load/vec4 v0000014ddbfa6b00_0;
    %parti/s 4, 0, 2;
    %pad/u 6;
    %ix/vec4 3;
    %ix/load 4, 0, 0; Constant delay
    %assign/vec4/a/d v0000014ddbee2ad0, 0, 4;
    %pushi/vec4 1, 0, 1;
    %load/vec4 v0000014ddbfa6b00_0;
    %parti/s 4, 0, 2;
    %pad/u 6;
    %ix/vec4 3;
    %ix/load 4, 0, 0; Constant delay
    %assign/vec4/a/d v0000014ddbee2b70, 0, 4;
T_5.33 ;
    %load/vec4 v0000014ddbfa73c0_0;
    %load/vec4 v0000014ddbfa6e20_0;
    %cmp/ne;
    %flag_get/vec4 4;
    %assign/vec4 v0000014ddbfa68d0_0, 0;
    %load/vec4 v0000014ddbfa73c0_0;
    %load/vec4 v0000014ddbfa6e20_0;
    %cmp/ne;
    %jmp/0xz  T_5.35, 4;
    %pushi/vec4 1, 0, 1;
    %assign/vec4 v0000014ddbfa7500_0, 0;
    %load/vec4 v0000014ddbfa6e20_0;
    %flag_set/vec4 8;
    %jmp/0xz  T_5.37, 8;
    %load/vec4 v0000014ddbfa6b00_0;
    %load/vec4 v0000014ddbfa7640_0;
    %add;
    %assign/vec4 v0000014ddbfa8010_0, 0;
    %jmp T_5.38;
T_5.37 ;
    %load/vec4 v0000014ddbfa7320_0;
    %assign/vec4 v0000014ddbfa8010_0, 0;
T_5.38 ;
T_5.35 ;
    %jmp T_5.10;
T_5.7 ;
    %pushi/vec4 1, 0, 1;
    %assign/vec4 v0000014ddbfa7140_0, 0;
    %pushi/vec4 1, 0, 1;
    %assign/vec4 v0000014ddbfa68d0_0, 0;
    %pushi/vec4 4294967295, 4294967295, 32;
    %assign/vec4 v0000014ddbee2c10_0, 0;
    %jmp T_5.10;
T_5.8 ;
    %pushi/vec4 4294967295, 4294967295, 32;
    %assign/vec4 v0000014ddbee2c10_0, 0;
    %jmp T_5.10;
T_5.10 ;
    %pop/vec4 1;
    %jmp T_5;
    .thread T_5;
    .scope S_0000014ddbee2940;
T_6 ;
    %wait E_0000014ddbf48a90;
    %load/vec4 v0000014ddbfa6650_0;
    %assign/vec4 v0000014ddbfa6a60_0, 0;
    %load/vec4 v0000014ddbfa6830_0;
    %assign/vec4 v0000014ddbfa7460_0, 0;
    %load/vec4 v0000014ddbfa6790_0;
    %assign/vec4 v0000014ddbfa6f60_0, 0;
    %load/vec4 v0000014ddbfa6830_0;
    %dup/vec4;
    %pushi/vec4 0, 0, 3;
    %cmp/u;
    %jmp/1 T_6.0, 6;
    %dup/vec4;
    %pushi/vec4 1, 0, 3;
    %cmp/u;
    %jmp/1 T_6.1, 6;
    %dup/vec4;
    %pushi/vec4 2, 0, 3;
    %cmp/u;
    %jmp/1 T_6.2, 6;
    %dup/vec4;
    %pushi/vec4 3, 0, 3;
    %cmp/u;
    %jmp/1 T_6.3, 6;
    %dup/vec4;
    %pushi/vec4 6, 0, 3;
    %cmp/u;
    %jmp/1 T_6.4, 6;
    %pushi/vec4 4294967295, 4294967295, 32;
    %assign/vec4 v0000014ddbfa78c0_0, 0;
    %jmp T_6.6;
T_6.0 ;
    %load/vec4 v0000014ddbee2c10_0;
    %assign/vec4 v0000014ddbfa78c0_0, 0;
    %jmp T_6.6;
T_6.1 ;
    %load/vec4 v0000014ddbee2c10_0;
    %assign/vec4 v0000014ddbfa78c0_0, 0;
    %jmp T_6.6;
T_6.2 ;
    %ix/getv 4, v0000014ddbee2c10_0;
    %load/vec4a v0000014ddbfa6d80, 4;
    %assign/vec4 v0000014ddbfa6ce0_0, 0;
    %jmp T_6.6;
T_6.3 ;
    %load/vec4 v0000014ddbfa65b0_0;
    %ix/getv 3, v0000014ddbee2c10_0;
    %ix/load 4, 0, 0; Constant delay
    %assign/vec4/a/d v0000014ddbfa6d80, 0, 4;
    %jmp T_6.6;
T_6.4 ;
    %pushi/vec4 4294967295, 4294967295, 32;
    %assign/vec4 v0000014ddbfa78c0_0, 0;
    %jmp T_6.6;
T_6.6 ;
    %pop/vec4 1;
    %jmp T_6;
    .thread T_6;
    .scope S_0000014ddbee2940;
T_7 ;
    %wait E_0000014ddbf48cd0;
    %load/vec4 v0000014ddbfa7140_0;
    %nor/r;
    %flag_set/vec4 8;
    %jmp/0xz  T_7.0, 8;
    %load/vec4 v0000014ddbfa7460_0;
    %dup/vec4;
    %pushi/vec4 0, 0, 3;
    %cmp/u;
    %jmp/1 T_7.2, 6;
    %dup/vec4;
    %pushi/vec4 1, 0, 3;
    %cmp/u;
    %jmp/1 T_7.3, 6;
    %dup/vec4;
    %pushi/vec4 2, 0, 3;
    %cmp/u;
    %jmp/1 T_7.4, 6;
    %dup/vec4;
    %pushi/vec4 6, 0, 3;
    %cmp/u;
    %jmp/1 T_7.5, 6;
    %jmp T_7.7;
T_7.2 ;
    %load/vec4 v0000014ddbfa78c0_0;
    %load/vec4 v0000014ddbfa6a60_0;
    %parti/s 5, 11, 5;
    %pad/u 7;
    %ix/vec4 3;
    %ix/load 4, 0, 0; Constant delay
    %assign/vec4/a/d v0000014ddbfa7000, 0, 4;
    %jmp T_7.7;
T_7.3 ;
    %load/vec4 v0000014ddbfa78c0_0;
    %load/vec4 v0000014ddbfa6a60_0;
    %parti/s 5, 16, 6;
    %pad/u 7;
    %ix/vec4 3;
    %ix/load 4, 0, 0; Constant delay
    %assign/vec4/a/d v0000014ddbfa7000, 0, 4;
    %jmp T_7.7;
T_7.4 ;
    %load/vec4 v0000014ddbfa6ce0_0;
    %load/vec4 v0000014ddbfa6a60_0;
    %parti/s 5, 16, 6;
    %pad/u 7;
    %ix/vec4 3;
    %ix/load 4, 0, 0; Constant delay
    %assign/vec4/a/d v0000014ddbfa7000, 0, 4;
    %jmp T_7.7;
T_7.5 ;
    %jmp T_7.7;
T_7.7 ;
    %pop/vec4 1;
T_7.0 ;
    %jmp T_7;
    .thread T_7;
# The file index is used to find the file name in the following table.
:file_names 3;
    "N/A";
    "<interactive>";
    "top_module.v";
